
> hvac-revenue-boost-web@0.1.0 build
> next build

   Γû▓ Next.js 14.1.4
   - Environments: .env.local

   Creating an optimized production build ...
 Γ£ô Compiled successfully
   Linting and checking validity of types ...

./app/admin/content-engine/page.tsx
55:6  Warning: React Hook useEffect has a missing dependency: 'fetchAll'. Either include it or remove the dependency array.  react-hooks/exhaustive-deps

./components/ConditionalDiagram.tsx
32:9  Warning: Using `<img>` could result in slower LCP and higher bandwidth. Consider using `<Image />` from `next/image` to automatically optimize images. This may incur additional usage or cost from your provider. See: https://nextjs.org/docs/messages/no-img-element  @next/next/no-img-element

./components/sections/SystemOverviewBlock.tsx
53:11  Warning: Using `<img>` could result in slower LCP and higher bandwidth. Consider using `<Image />` from `next/image` to automatically optimize images. This may incur additional usage or cost from your provider. See: https://nextjs.org/docs/messages/no-img-element  @next/next/no-img-element
58:11  Warning: Using `<img>` could result in slower LCP and higher bandwidth. Consider using `<Image />` from `next/image` to automatically optimize images. This may incur additional usage or cost from your provider. See: https://nextjs.org/docs/messages/no-img-element  @next/next/no-img-element

info  - Need to disable some ESLint rules? Learn more here: https://nextjs.org/docs/basic-features/eslint#disabling-rules
node.exe : Failed to 
compile.
At line:1 char:1
+ & "C:\Program 
Files\nodejs/node.exe" "C:\U
sers\anedo\AppData\Roaming\ 
...
+ ~~~~~~~~~~~~~~~~~~~~~~~~~~
~~~~~~~~~~~~~~~~~~~~~~~~~~~~
~~~~~~~~~~~~~~~
    + CategoryInfo          
    : NotSpecified: (Faile  
  d to compile.:String) [   
 ], RemoteException
    + FullyQualifiedErrorId 
    : NativeCommandError
 

./app/diagnose/[slug]/page.t
sx:183:33
Type error: Property 
'decision_tree' does not 
exist on type 
'BasePageViewModel'. Did 
you mean 'decisionTree'?

[0m [90m 181 |[39m     
repairs[33m,[39m[0m
[0m [90m 182 |[39m     
relatedLinks[33m:[39m fina
lRelatedLinks[33m,[39m[0m
[0m[31m[1m>[22m[39m[90
m 183 |[39m     
decisionTree[33m:[39m page
ViewModel[33m.[39mdecision
_tree 
[33m?[39m[33m?[39m [36m
null[39m[33m,[39m[0m
[0m [90m     |[39m       
                          
[31m[1m^[22m[39m[0m
[0m [90m 184 |[39m     
subtitle[33m:[39m raw[33m
?[39m[33m.[39msubtitle 
[33m?[39m[33m?[39m [36m
null[39m[33m,[39m[0m
[0m [90m 185 |[39m     
diagnosticFlow[33m:[39m ra
w[33m?[39m[33m.[39mdiagn
ostic_flow 
[33m?[39m[33m?[39m raw[
33m?[39m[33m.[39mdiagnost
icFlow 
[33m?[39m[33m?[39m (raw
[33m?[39m[33m.[39mnarrow_
down [33m?[39m raw[33m.[
39mnarrow_down[33m.[39mmap
((n[33m:[39m 
any[33m,[39m i[33m:[39m 
number) [33m=>[39m ({ 
step[33m:[39m i 
[33m+[39m 
[35m1[39m[33m,[39m 
title[33m:[39m n[33m.[39
mquestion[33m,[39m 
actions[33m:[39m 
[n[33m.[39myes_leads_to 
[33m?[39m [32m`Yes: 
${n.yes_leads_to}`[39m 
[33m:[39m 
[36mnull[39m[33m,[39m 
n[33m.[39mno_leads_to 
[33m?[39m [32m`No: 
${n.no_leads_to}`[39m 
[33m:[39m [36mnull[39m]
[33m.[39mfilter([33mBoolea
n[39m)[33m,[39m 
interpretation[33m:[39m 
[32m"Use this to isolate 
the core issue."[39m })) 
[33m:[39m [36mnull[39m)
[33m,[39m[0m
[0m [90m 186 |[39m     
quickTools[33m:[39m raw[3
3m?[39m[33m.[39mquick_too
ls [33m?[39m[33m?[39m ra
w[33m?[39m[33m.[39mquick
Tools 
[33m?[39m[33m?[39m [36m
null[39m[33m,[39m[0m
