
> hvac-revenue-boost-web@0.1.0 build
> next build

   Γû▓ Next.js 14.1.4

   Creating an optimized production build ...
node.exe : Failed to 
compile.
At line:1 char:1
+ & "C:\Program Files\
nodejs/node.exe" "C:\U
sers\anedo\AppData\Roa
ming\ ...
+ ~~~~~~~~~~~~~~~~~~~~
~~~~~~~~~~~~~~~~~~~~~~
~~~~~~~~~~~~~~~~~~~~~~
~~~~~
    + CategoryInfo    
          : NotSpeci  
  fied: (Failed to    
 compile.:String)     
[], RemoteExcepti    
on
    + FullyQualifiedE 
   rrorId : NativeCo  
  mmandError
 

app\layout.tsx
An error occured in 
`next/font`.

Error: Cannot find 
module 'autoprefixer'
Require stack:
- C:\Users\anedo\Deskt
op\HVAC\HVACRevenueBoo
stWeb\node_modules\nex
t\dist\build\webpack\c
onfig\blocks\css\plugi
ns.js
- C:\Users\anedo\Deskt
op\HVAC\HVACRevenueBoo
stWeb\node_modules\nex
t\dist\build\webpack\c
onfig\blocks\css\index
.js
- C:\Users\anedo\Deskt
op\HVAC\HVACRevenueBoo
stWeb\node_modules\nex
t\dist\build\webpack\c
onfig\index.js
- C:\Users\anedo\Deskt
op\HVAC\HVACRevenueBoo
stWeb\node_modules\nex
t\dist\build\webpack-c
onfig.js
- C:\Users\anedo\Deskt
op\HVAC\HVACRevenueBoo
stWeb\node_modules\nex
t\dist\build\webpack-b
uild\impl.js
- C:\Users\anedo\Deskt
op\HVAC\HVACRevenueBoo
stWeb\node_modules\nex
t\dist\compiled\jest-w
orker\processChild.js
    at 
Function.<anonymous> (
node:internal/modules/
cjs/loader:1383:15)
    at C:\Users\anedo\
Desktop\HVAC\HVACReven
ueBoostWeb\node_module
s\next\dist\server\req
uire-hook.js:55:36
    at 
Function.resolve (node
:internal/modules/help
ers:157:19)
    at loadPlugin (C:\
Users\anedo\Desktop\HV
AC\HVACRevenueBoostWeb
\node_modules\next\dis
t\build\webpack\config
\blocks\css\plugins.js
:49:32)
    at C:\Users\anedo\
Desktop\HVAC\HVACReven
ueBoostWeb\node_module
s\next\dist\build\webp
ack\config\blocks\css\
plugins.js:157:56
    at Array.map 
(<anonymous>)
    at 
getPostCssPlugins (C:\
Users\anedo\Desktop\HV
AC\HVACRevenueBoostWeb
\node_modules\next\dis
t\build\webpack\config
\blocks\css\plugins.js
:157:47)
    at async C:\Users\
anedo\Desktop\HVAC\HVA
CRevenueBoostWeb\node_
modules\next\dist\buil
d\webpack\config\block
s\css\index.js:124:36
    at async C:\Users\
anedo\Desktop\HVAC\HVA
CRevenueBoostWeb\node_
modules\next\dist\buil
d\webpack\loaders\next
-font-loader\index.js:
86:33
    at async 
Span.traceAsyncFn (C:\
Users\anedo\Desktop\HV
AC\HVACRevenueBoostWeb
\node_modules\next\dis
t\trace\trace.js:151:2
0)


> Build failed 
because of webpack 
errors
