scripts/generation-worker.ts(87,26): error TS1127: Invalid character.
scripts/generation-worker.ts(87,27): error TS1134: Variable declaration expected.
scripts/generation-worker.ts(122,17): error TS1005: ';' expected.
scripts/generation-worker.ts(122,50): error TS1443: Module declaration names may only use ' or " quoted strings.
scripts/generation-worker.ts(127,21): error TS1434: Unexpected keyword or identifier.
scripts/generation-worker.ts(127,54): error TS1443: Module declaration names may only use ' or " quoted strings.
scripts/generation-worker.ts(131,19): error TS1434: Unexpected keyword or identifier.
scripts/generation-worker.ts(131,26): error TS1434: Unexpected keyword or identifier.
scripts/generation-worker.ts(131,65): error TS1005: ';' expected.
scripts/generation-worker.ts(168,1): error TS1160: Unterminated template literal.
