app/maintenance/[slug]/page.tsx(18,17): error TS2339: Property 'seo' does not exist on type 'MaintenanceSchema'.
app/maintenance/[slug]/page.tsx(19,23): error TS2339: Property 'seo' does not exist on type 'MaintenanceSchema'.
